// Jest Snapshot v1, https://goo.gl/fbAQLP

exports[`Main component renders correctly 1`] = `
ShallowWrapper {
  Symbol(enzyme.__root__): [Circular],
  Symbol(enzyme.__unrendered__): <Main />,
  Symbol(enzyme.__renderer__): Object {
    "batchedUpdates": [Function],
    "getNode": [Function],
    "render": [Function],
    "simulateError": [Function],
    "simulateEvent": [Function],
    "unmount": [Function],
  },
  Symbol(enzyme.__node__): Object {
    "instance": null,
    "key": undefined,
    "nodeType": "function",
    "props": Object {
      "children": Array [
        <h2>
          Home
        </h2>,
        <p>
          Lorem ipsum dolor sit amet, consectetur adipiscing elit. Phasellus diam massa, condimentum rhoncus libero sed, luctus accumsan elit. Donec auctor ornare augue sit amet tempor. Duis in nibh augue. Nunc quis est ante. Suspendisse rhoncus purus vel rhoncus ornare. Aliquam sodales, nulla vel porttitor ultrices, diam nulla consectetur dui, at feugiat libero metus at enim. Maecenas ultrices hendrerit diam, in mollis quam tempus et.
        </p>,
        <p>
          Donec sit amet lobortis orci, eu malesuada lacus. Curabitur ut ante varius, blandit enim quis, vulputate erat. Sed leo lacus, volutpat sed ex fringilla, vehicula placerat nisi. Quisque lacinia mollis feugiat. Duis gravida efficitur arcu, ut vehicula nisl tristique at. Cras maximus libero sem, at porttitor elit malesuada vel. Fusce a malesuada justo.
        </p>,
      ],
    },
    "ref": null,
    "rendered": Array [
      Object {
        "instance": null,
        "key": undefined,
        "nodeType": "host",
        "props": Object {
          "children": "Home",
        },
        "ref": null,
        "rendered": "Home",
        "type": "h2",
      },
      Object {
        "instance": null,
        "key": undefined,
        "nodeType": "host",
        "props": Object {
          "children": "Lorem ipsum dolor sit amet, consectetur adipiscing elit. Phasellus diam massa, condimentum rhoncus libero sed, luctus accumsan elit. Donec auctor ornare augue sit amet tempor. Duis in nibh augue. Nunc quis est ante. Suspendisse rhoncus purus vel rhoncus ornare. Aliquam sodales, nulla vel porttitor ultrices, diam nulla consectetur dui, at feugiat libero metus at enim. Maecenas ultrices hendrerit diam, in mollis quam tempus et.",
        },
        "ref": null,
        "rendered": "Lorem ipsum dolor sit amet, consectetur adipiscing elit. Phasellus diam massa, condimentum rhoncus libero sed, luctus accumsan elit. Donec auctor ornare augue sit amet tempor. Duis in nibh augue. Nunc quis est ante. Suspendisse rhoncus purus vel rhoncus ornare. Aliquam sodales, nulla vel porttitor ultrices, diam nulla consectetur dui, at feugiat libero metus at enim. Maecenas ultrices hendrerit diam, in mollis quam tempus et.",
        "type": "p",
      },
      Object {
        "instance": null,
        "key": undefined,
        "nodeType": "host",
        "props": Object {
          "children": "Donec sit amet lobortis orci, eu malesuada lacus. Curabitur ut ante varius, blandit enim quis, vulputate erat. Sed leo lacus, volutpat sed ex fringilla, vehicula placerat nisi. Quisque lacinia mollis feugiat. Duis gravida efficitur arcu, ut vehicula nisl tristique at. Cras maximus libero sem, at porttitor elit malesuada vel. Fusce a malesuada justo.",
        },
        "ref": null,
        "rendered": "Donec sit amet lobortis orci, eu malesuada lacus. Curabitur ut ante varius, blandit enim quis, vulputate erat. Sed leo lacus, volutpat sed ex fringilla, vehicula placerat nisi. Quisque lacinia mollis feugiat. Duis gravida efficitur arcu, ut vehicula nisl tristique at. Cras maximus libero sem, at porttitor elit malesuada vel. Fusce a malesuada justo.",
        "type": "p",
      },
    ],
    "type": Symbol(react.fragment),
  },
  Symbol(enzyme.__nodes__): Array [
    Object {
      "instance": null,
      "key": undefined,
      "nodeType": "function",
      "props": Object {
        "children": Array [
          <h2>
            Home
          </h2>,
          <p>
            Lorem ipsum dolor sit amet, consectetur adipiscing elit. Phasellus diam massa, condimentum rhoncus libero sed, luctus accumsan elit. Donec auctor ornare augue sit amet tempor. Duis in nibh augue. Nunc quis est ante. Suspendisse rhoncus purus vel rhoncus ornare. Aliquam sodales, nulla vel porttitor ultrices, diam nulla consectetur dui, at feugiat libero metus at enim. Maecenas ultrices hendrerit diam, in mollis quam tempus et.
          </p>,
          <p>
            Donec sit amet lobortis orci, eu malesuada lacus. Curabitur ut ante varius, blandit enim quis, vulputate erat. Sed leo lacus, volutpat sed ex fringilla, vehicula placerat nisi. Quisque lacinia mollis feugiat. Duis gravida efficitur arcu, ut vehicula nisl tristique at. Cras maximus libero sem, at porttitor elit malesuada vel. Fusce a malesuada justo.
          </p>,
        ],
      },
      "ref": null,
      "rendered": Array [
        Object {
          "instance": null,
          "key": undefined,
          "nodeType": "host",
          "props": Object {
            "children": "Home",
          },
          "ref": null,
          "rendered": "Home",
          "type": "h2",
        },
        Object {
          "instance": null,
          "key": undefined,
          "nodeType": "host",
          "props": Object {
            "children": "Lorem ipsum dolor sit amet, consectetur adipiscing elit. Phasellus diam massa, condimentum rhoncus libero sed, luctus accumsan elit. Donec auctor ornare augue sit amet tempor. Duis in nibh augue. Nunc quis est ante. Suspendisse rhoncus purus vel rhoncus ornare. Aliquam sodales, nulla vel porttitor ultrices, diam nulla consectetur dui, at feugiat libero metus at enim. Maecenas ultrices hendrerit diam, in mollis quam tempus et.",
          },
          "ref": null,
          "rendered": "Lorem ipsum dolor sit amet, consectetur adipiscing elit. Phasellus diam massa, condimentum rhoncus libero sed, luctus accumsan elit. Donec auctor ornare augue sit amet tempor. Duis in nibh augue. Nunc quis est ante. Suspendisse rhoncus purus vel rhoncus ornare. Aliquam sodales, nulla vel porttitor ultrices, diam nulla consectetur dui, at feugiat libero metus at enim. Maecenas ultrices hendrerit diam, in mollis quam tempus et.",
          "type": "p",
        },
        Object {
          "instance": null,
          "key": undefined,
          "nodeType": "host",
          "props": Object {
            "children": "Donec sit amet lobortis orci, eu malesuada lacus. Curabitur ut ante varius, blandit enim quis, vulputate erat. Sed leo lacus, volutpat sed ex fringilla, vehicula placerat nisi. Quisque lacinia mollis feugiat. Duis gravida efficitur arcu, ut vehicula nisl tristique at. Cras maximus libero sem, at porttitor elit malesuada vel. Fusce a malesuada justo.",
          },
          "ref": null,
          "rendered": "Donec sit amet lobortis orci, eu malesuada lacus. Curabitur ut ante varius, blandit enim quis, vulputate erat. Sed leo lacus, volutpat sed ex fringilla, vehicula placerat nisi. Quisque lacinia mollis feugiat. Duis gravida efficitur arcu, ut vehicula nisl tristique at. Cras maximus libero sem, at porttitor elit malesuada vel. Fusce a malesuada justo.",
          "type": "p",
        },
      ],
      "type": Symbol(react.fragment),
    },
  ],
  Symbol(enzyme.__options__): Object {
    "adapter": ReactSixteenAdapter {
      "options": Object {
        "enableComponentDidUpdateOnSetState": true,
        "lifecycles": Object {
          "componentDidUpdate": Object {
            "onSetState": true,
          },
          "getDerivedStateFromProps": true,
          "getSnapshotBeforeUpdate": true,
          "setState": Object {
            "skipsComponentDidUpdateOnNullish": true,
          },
        },
      },
    },
  },
}
`;
